../Core/Src/main.c:130:6:MPU6050_Init	2
../Core/Src/main.c:168:6:MPU6050_Read_All	1
../Core/Src/main.c:181:5:__io_putchar	1
../Core/Src/main.c:187:6:UART_Print	1
../Core/Src/main.c:192:10:Read_ADC_Value	1
../Core/Src/main.c:201:6:Update_PWM_Brightness	4
../Core/Src/main.c:211:6:Set_DHT11_GPIO_Output	1
../Core/Src/main.c:222:6:Set_DHT11_GPIO_Input	1
../Core/Src/main.c:232:6:DHT11_Start	2
../Core/Src/main.c:244:9:DHT11_Check_Response	5
../Core/Src/main.c:264:9:DHT11_Read_Byte	7
../Core/Src/main.c:294:6:DHT11_Read_Data	4
../Core/Src/main.c:347:5:main	11
../Core/Src/main.c:507:6:SystemClock_Config	4
../Core/Src/main.c:561:13:MX_ADC1_Init	3
../Core/Src/main.c:613:13:MX_I2C1_Init	2
../Core/Src/main.c:647:13:MX_SPI1_Init	2
../Core/Src/main.c:685:13:MX_SPI3_Init	2
../Core/Src/main.c:723:13:MX_TIM1_Init	7
../Core/Src/main.c:798:13:MX_TIM2_Init	4
../Core/Src/main.c:843:13:MX_USART2_UART_Init	2
../Core/Src/main.c:876:13:MX_GPIO_Init	1
../Core/Src/main.c:939:6:Error_Handler	1
