../Core/Src/main.c:130:6:MPU6050_Init	32	static
../Core/Src/main.c:168:6:MPU6050_Read_All	40	static
../Core/Src/main.c:181:5:__io_putchar	16	static
../Core/Src/main.c:187:6:UART_Print	16	static
../Core/Src/main.c:192:10:Read_ADC_Value	24	static
../Core/Src/main.c:201:6:Update_PWM_Brightness	32	static
../Core/Src/main.c:211:6:Set_DHT11_GPIO_Output	32	static
../Core/Src/main.c:222:6:Set_DHT11_GPIO_Input	32	static
../Core/Src/main.c:232:6:DHT11_Start	8	static
../Core/Src/main.c:244:9:DHT11_Check_Response	16	static
../Core/Src/main.c:264:9:DHT11_Read_Byte	16	static
../Core/Src/main.c:294:6:DHT11_Read_Data	32	static
../Core/Src/main.c:347:5:main	112	static
../Core/Src/main.c:507:6:SystemClock_Config	88	static
../Core/Src/main.c:561:13:MX_ADC1_Init	24	static
../Core/Src/main.c:613:13:MX_I2C1_Init	8	static
../Core/Src/main.c:647:13:MX_SPI1_Init	8	static
../Core/Src/main.c:685:13:MX_SPI3_Init	8	static
../Core/Src/main.c:723:13:MX_TIM1_Init	96	static
../Core/Src/main.c:798:13:MX_TIM2_Init	32	static
../Core/Src/main.c:843:13:MX_USART2_UART_Init	8	static
../Core/Src/main.c:876:13:MX_GPIO_Init	48	static
../Core/Src/main.c:939:6:Error_Handler	4	static,ignoring_inline_asm
