../Core/Src/main.c:95:6:UART_Print	1
../Core/Src/main.c:99:5:__io_putchar	1
../Core/Src/main.c:106:10:Read_ADC_Value	1
../Core/Src/main.c:115:6:Update_PWM_Brightness	4
../Core/Src/main.c:135:5:main	3
../Core/Src/main.c:226:6:SystemClock_Config	4
../Core/Src/main.c:280:13:MX_ADC1_Init	3
../Core/Src/main.c:332:13:MX_SPI1_Init	2
../Core/Src/main.c:370:13:MX_SPI3_Init	2
../Core/Src/main.c:408:13:MX_TIM1_Init	7
../Core/Src/main.c:483:13:MX_USART2_UART_Init	2
../Core/Src/main.c:516:13:MX_GPIO_Init	1
../Core/Src/main.c:569:6:Error_Handler	1
