../Core/Src/main.c:95:6:UART_Print	16	static
../Core/Src/main.c:100:5:__io_putchar	16	static
../Core/Src/main.c:107:10:Read_ADC_Value	24	static
../Core/Src/main.c:116:6:Update_PWM_Brightness	32	static
../Core/Src/main.c:136:5:main	40	static
../Core/Src/main.c:227:6:SystemClock_Config	88	static
../Core/Src/main.c:281:13:MX_ADC1_Init	24	static
../Core/Src/main.c:333:13:MX_SPI1_Init	8	static
../Core/Src/main.c:371:13:MX_SPI3_Init	8	static
../Core/Src/main.c:409:13:MX_TIM1_Init	96	static
../Core/Src/main.c:484:13:MX_USART2_UART_Init	8	static
../Core/Src/main.c:517:13:MX_GPIO_Init	48	static
../Core/Src/main.c:570:6:Error_Handler	4	static,ignoring_inline_asm
