../Core/Src/main.c:95:6:UART_Print	1
../Core/Src/main.c:100:5:__io_putchar	1
../Core/Src/main.c:107:10:Read_ADC_Value	1
../Core/Src/main.c:116:6:Update_PWM_Brightness	4
../Core/Src/main.c:136:5:main	3
../Core/Src/main.c:227:6:SystemClock_Config	4
../Core/Src/main.c:281:13:MX_ADC1_Init	3
../Core/Src/main.c:333:13:MX_SPI1_Init	2
../Core/Src/main.c:371:13:MX_SPI3_Init	2
../Core/Src/main.c:409:13:MX_TIM1_Init	7
../Core/Src/main.c:484:13:MX_USART2_UART_Init	2
../Core/Src/main.c:517:13:MX_GPIO_Init	1
../Core/Src/main.c:570:6:Error_Handler	1
