01:35:25 **** Incremental Build of configuration Debug for project CAN_MCP2515_ADC_LED_BRIGHTNESS_CONTROL ****
make -j4 all 
arm-none-eabi-gcc "../Core/Src/main.c" -mcpu=cortex-m4 -std=gnu11 -g3 -DDEBUG -DUSE_HAL_DRIVER -DSTM32F446xx -c -I../Core/Inc -I../Drivers/STM32F4xx_HAL_Driver/Inc -I../Drivers/STM32F4xx_HAL_Driver/Inc/Legacy -I../Drivers/CMSIS/Device/ST/STM32F4xx/Include -I../Drivers/CMSIS/Include -O0 -ffunction-sections -fdata-sections -Wall -fstack-usage -fcyclomatic-complexity -MMD -MP -MF"Core/Src/main.d" -MT"Core/Src/main.o" --specs=nano.specs -mfpu=fpv4-sp-d16 -mfloat-abi=hard -mthumb -o "Core/Src/main.o"
../Core/Src/main.c: In function 'main':
../Core/Src/main.c:203:55: warning: format '%X' expects argument of type 'unsigned int', but argument 3 has type 'uint32_t' {aka 'long unsigned int'} [-Wformat=]
  203 |                   sprintf(buf, "Received CAN ID: 0x%03X, DLC: %d, Data: ", rx_msg.id, rx_msg.dlc);
      |                                                    ~~~^                    ~~~~~~~~~
      |                                                       |                          |
      |                                                       unsigned int               uint32_t {aka long unsigned int}
      |                                                    %03lX
arm-none-eabi-gcc -o "CAN_MCP2515_ADC_LED_BRIGHTNESS_CONTROL.elf" @"objects.list"   -mcpu=cortex-m4 -T"C:\Users\sudharsan\Desktop\career\embedded\embedded C_C++\embedded c projects\embedded c projects\STM32-NUCLEO dev board\CAN_MCP2515_ADC_LED_BRIGHTNESS_CONTROL\STM32F446RETX_FLASH.ld" --specs=nosys.specs -Wl,-Map="CAN_MCP2515_ADC_LED_BRIGHTNESS_CONTROL.map" -Wl,--gc-sections -static --specs=nano.specs -mfpu=fpv4-sp-d16 -mfloat-abi=hard -mthumb -Wl,--start-group -lc -lm -Wl,--end-group
Finished building target: CAN_MCP2515_ADC_LED_BRIGHTNESS_CONTROL.elf
 
arm-none-eabi-size  CAN_MCP2515_ADC_LED_BRIGHTNESS_CONTROL.elf 
arm-none-eabi-objdump -h -S CAN_MCP2515_ADC_LED_BRIGHTNESS_CONTROL.elf  > "CAN_MCP2515_ADC_LED_BRIGHTNESS_CONTROL.list"
   text	   data	    bss	    dec	    hex	filename
  23360	    132	   2356	  25848	   64f8	CAN_MCP2515_ADC_LED_BRIGHTNESS_CONTROL.elf
Finished building: default.size.stdout
 
Finished building: CAN_MCP2515_ADC_LED_BRIGHTNESS_CONTROL.list
 

01:35:26 Build Finished. 0 errors, 1 warnings. (took 1s.295ms)

